---
source: eksup/tests/e2e.rs
expression: output
---
┌────────┬────┬──────┬───────────┬────────────┬──────────┐
│ CHECK  │    │ NAME │ NAMESPACE │ KIND       │ REPLICAS │
├────────┼────┼──────┼───────────┼────────────┼──────────┤
│ K8S002 │ ❌ │ web  │ default   │ Deployment │ 1        │
│ K8S002 │ ❌ │ api  │ backend   │ Deployment │ 2        │
└────────┴────┴──────┴───────────┴────────────┴──────────┘
┌────────┬────┬──────┬───────────┬────────────┬─────────┐
│ CHECK  │    │ NAME │ NAMESPACE │ KIND       │ SECONDS │
├────────┼────┼──────┼───────────┼────────────┼─────────┤
│ K8S003 │ ⚠️ │ web  │ default   │ Deployment │ 0       │
│ K8S003 │ ⚠️ │ api  │ backend   │ Deployment │ 0       │
└────────┴────┴──────┴───────────┴────────────┴─────────┘
┌────────┬────┬──────┬───────────┬────────────┬──────────────┬───────────────────────────┐
│ CHECK  │    │ NAME │ NAMESPACE │ KIND       │ ANTIAFFINITY │ TOPOLOGYSPREADCONSTRAINTS │
├────────┼────┼──────┼───────────┼────────────┼──────────────┼───────────────────────────┤
│ K8S005 │ ❌ │ web  │ default   │ Deployment │ false        │ false                     │
│ K8S005 │ ❌ │ api  │ backend   │ Deployment │ false        │ false                     │
└────────┴────┴──────┴───────────┴────────────┴──────────────┴───────────────────────────┘
┌────────┬────┬──────┬───────────┬────────────┬─────────────────┐
│ CHECK  │    │ NAME │ NAMESPACE │ KIND       │ READINESS PROBE │
├────────┼────┼──────┼───────────┼────────────┼─────────────────┤
│ K8S006 │ ❌ │ web  │ default   │ Deployment │ false           │
│ K8S006 │ ❌ │ api  │ backend   │ Deployment │ false           │
└────────┴────┴──────┴───────────┴────────────┴─────────────────┘
┌────────┬────┬──────┬───────────┬────────────┬─────────┬───────────────┬─────────────────┐
│ CHECK  │    │ NAME │ NAMESPACE │ KIND       │ HAS PDB │ MIN AVAILABLE │ MAX UNAVAILABLE │
├────────┼────┼──────┼───────────┼────────────┼─────────┼───────────────┼─────────────────┤
│ K8S004 │ ⚠️ │ api  │ backend   │ Deployment │ false   │ false         │ false           │
└────────┴────┴──────┴───────────┴────────────┴─────────┴───────────────┴─────────────────┘
