---
source: eksup/tests/e2e.rs
expression: output
---
┌────────┬────┬──────┬───────────┬────────────┬──────────────┬───────────────────────────┐
│ CHECK  │    │ NAME │ NAMESPACE │ KIND       │ ANTIAFFINITY │ TOPOLOGYSPREADCONSTRAINTS │
├────────┼────┼──────┼───────────┼────────────┼──────────────┼───────────────────────────┤
│ K8S005 │ ❌ │ web  │ default   │ Deployment │ false        │ false                     │
└────────┴────┴──────┴───────────┴────────────┴──────────────┴───────────────────────────┘
┌────────┬────┬──────┬───────────┬────────────┬─────────────────┐
│ CHECK  │    │ NAME │ NAMESPACE │ KIND       │ READINESS PROBE │
├────────┼────┼──────┼───────────┼────────────┼─────────────────┤
│ K8S006 │ ❌ │ web  │ default   │ Deployment │ false           │
└────────┴────┴──────┴───────────┴────────────┴─────────────────┘
